ERROR: RuntimeException - Gemini API request failed: {
  "error": {
    "code": 404,
    "message": "models/gemini-1.5-flash is not found for API version v1beta, or is not supported for generateContent. Call ListModels to see the list of available models and their supported methods.",
    "status": "NOT_FOUND"
  }
}

#0 C:\Users\acer\Documents\Projects\AI Recruitment platform\tailadmin-laravel\app\Console\Commands\TestGemini.php(14): App\Services\GeminiApiService->generateContent('gemini-1.5-flas...', 'You are a helpf...', 'Say hello world...')
#1 C:\Users\acer\Documents\Projects\AI Recruitment platform\tailadmin-laravel\vendor\laravel\framework\src\Illuminate\Container\BoundMethod.php(36): App\Console\Commands\TestGemini->handle(Object(App\Services\GeminiApiService))
#2 C:\Users\acer\Documents\Projects\AI Recruitment platform\tailadmin-laravel\vendor\laravel\framework\src\Illuminate\Container\Util.php(43): Illuminate\Container\BoundMethod::{closure:Illuminate\Container\BoundMethod::call():35}()
#3 C:\Users\acer\Documents\Projects\AI Recruitment platform\tailadmin-laravel\vendor\laravel\framework\src\Illuminate\Container\BoundMethod.php(96): Illuminate\Container\Util::unwrapIfClosure(Object(Closure))
#4 C:\Users\acer\Documents\Projects\AI Recruitment platform\tailadmin-laravel\vendor\laravel\framework\src\Illuminate\Container\BoundMethod.php(35): Illuminate\Container\BoundMethod::callBoundMethod(Object(Illuminate\Foundation\Application), Array, Object(Closure))
#5 C:\Users\acer\Documents\Projects\AI Recruitment platform\tailadmin-laravel\vendor\laravel\framework\src\Illuminate\Container\Container.php(799): Illuminate\Container\BoundMethod::call(Object(Illuminate\Foundation\Application), Array, Array, NULL)
#6 C:\Users\acer\Documents\Projects\AI Recruitment platform\tailadmin-laravel\vendor\laravel\framework\src\Illuminate\Console\Command.php(211): Illuminate\Container\Container->call(Array)
#7 C:\Users\acer\Documents\Projects\AI Recruitment platform\tailadmin-laravel\vendor\symfony\console\Command\Command.php(341): Illuminate\Console\Command->execute(Object(Symfony\Component\Console\Input\ArgvInput), Object(Illuminate\Console\OutputStyle))
#8 C:\Users\acer\Documents\Projects\AI Recruitment platform\tailadmin-laravel\vendor\laravel\framework\src\Illuminate\Console\Command.php(180): Symfony\Component\Console\Command\Command->run(Object(Symfony\Component\Console\Input\ArgvInput), Object(Illuminate\Console\OutputStyle))
#9 C:\Users\acer\Documents\Projects\AI Recruitment platform\tailadmin-laravel\vendor\symfony\console\Application.php(1117): Illuminate\Console\Command->run(Object(Symfony\Component\Console\Input\ArgvInput), Object(Symfony\Component\Console\Output\ConsoleOutput))
#10 C:\Users\acer\Documents\Projects\AI Recruitment platform\tailadmin-laravel\vendor\symfony\console\Application.php(356): Symfony\Component\Console\Application->doRunCommand(Object(App\Console\Commands\TestGemini), Object(Symfony\Component\Console\Input\ArgvInput), Object(Symfony\Component\Console\Output\ConsoleOutput))
#11 C:\Users\acer\Documents\Projects\AI Recruitment platform\tailadmin-laravel\vendor\symfony\console\Application.php(195): Symfony\Component\Console\Application->doRun(Object(Symfony\Component\Console\Input\ArgvInput), Object(Symfony\Component\Console\Output\ConsoleOutput))
#12 C:\Users\acer\Documents\Projects\AI Recruitment platform\tailadmin-laravel\vendor\laravel\framework\src\Illuminate\Foundation\Console\Kernel.php(198): Symfony\Component\Console\Application->run(Object(Symfony\Component\Console\Input\ArgvInput), Object(Symfony\Component\Console\Output\ConsoleOutput))
#13 C:\Users\acer\Documents\Projects\AI Recruitment platform\tailadmin-laravel\vendor\laravel\framework\src\Illuminate\Foundation\Application.php(1235): Illuminate\Foundation\Console\Kernel->handle(Object(Symfony\Component\Console\Input\ArgvInput), Object(Symfony\Component\Console\Output\ConsoleOutput))
#14 C:\Users\acer\Documents\Projects\AI Recruitment platform\tailadmin-laravel\artisan(16): Illuminate\Foundation\Application->handleCommand(Object(Symfony\Component\Console\Input\ArgvInput))
#15 {main}
